// Jest Snapshot v1, https://goo.gl/fbAQLP

exports[`Example 1 1`] = `"Hello, world. The expression evaluated to true ðŸ˜Ž"`;

exports[`Example 2 1`] = `"Hello, world. The expression evaluated to true ðŸ˜Ž"`;

exports[`Example 3 1`] = `"This will do!"`;

exports[`Example 4 1`] = `
Array [
  <p>
    Hello, world.
  </p>,
  <p>
    The expression evaluated to true ðŸ˜Ž
  </p>,
]
`;

exports[`Example 5 1`] = `
<section
  className="u-textColorRed u-marginBottom10"
  style={
    Object {
      "background": "blue",
    }
  }
  title="Some cool stuff!"
>
  <p>
    This will do!
  </p>
</section>
`;

exports[`Example 6: Should catch thrown error in else render-prop when safeEval provided as true 1`] = `null`;

exports[`Example 6: Should catch thrown error in elseIf condition when safeEval provided as true 1`] = `
<header>
  <p>
    Bye, world. Both expressions evaluated to false ðŸ˜¥
  </p>
</header>
`;

exports[`Example 6: Should catch thrown error in elseIfRender render-prop when safeEval provided as true 1`] = `null`;

exports[`Example 6: Should catch thrown error in if condition when safeEval provided as true 1`] = `
<header>
  <p>
    This will do!
  </p>
</header>
`;

exports[`Example 6: Should catch thrown error in render render-prop when safeEval provided as true 1`] = `
<header
  render={[Function]}
/>
`;

exports[`Render 'as' prop when provided a React functional component 1`] = `
<div
  className="u-textColorRed u-marginBottom10"
  style={
    Object {
      "background": "blue",
    }
  }
  title="Some cool stuff!"
>
  CompA stuff 
  <p>
    Bye, world. Both expressions evaluated to false ðŸ˜¥
  </p>
</div>
`;

exports[`Render 'as' prop when provided as string 1`] = `
<h7
  className="u-textColorRed u-marginBottom10"
  style={
    Object {
      "background": "blue",
    }
  }
  title="Some cool stuff!"
>
  <p>
    This will do!
  </p>
</h7>
`;
